27.05.2026 - 19:29:49 - [TAB v6.0.2] Blocked attempt to add player KaiseFitzs into team Lonely (expected team: 4trueKaiseFitzsA).
27.05.2026 - 20:03:11 - [TAB v6.0.2] Blocked attempt to add player DaoMinhKhoi_ into team dangkh0a (expected team: 4falseDaoMinhKhA).
27.05.2026 - 20:07:10 - [TAB v6.0.2] Blocked attempt to add player KaiseFitzs into team Lonely (expected team: 4trueKaiseFitzsA).
27.05.2026 - 20:44:40 - [TAB v6.0.2] Blocked attempt to add player DaoMinhKhoi_ into team dangkh0a (expected team: 4falseDaoMinhKhA).
27.05.2026 - 20:45:53 - [TAB v6.0.2] Blocked attempt to add player KaiseFitzs into team Lonely (expected team: 4trueKaiseFitzsA).
27.05.2026 - 20:47:15 - [TAB v6.0.2] Blocked attempt to add player Yuui_MC into team Sun (expected team: 6falseYuui_MCA).
27.05.2026 - 20:47:44 - [TAB v6.0.2] Blocked attempt to add player hazumi into team Sun (expected team: 4falsehazumiA).
27.05.2026 - 20:52:06 - [TAB v6.0.2] Blocked attempt to add player nqocvinhhh into team Lonely (expected team: ;falsenqocvinhhA).
27.05.2026 - 20:54:46 - [TAB v6.0.2] Blocked attempt to add player DaoMinhKhoi_ into team dangkh0a (expected team: 0falseDaoMinhKhA).
27.05.2026 - 20:59:37 - [TAB v6.0.2] Blocked attempt to add player nqocvinhhh into team Lonely (expected team: ;falsenqocvinhhA).
27.05.2026 - 21:01:09 - [TAB v6.0.2] Blocked attempt to add player hazumi into team Sun (expected team: 4falsehazumiA).
27.05.2026 - 21:02:05 - [TAB v6.0.2] Blocked attempt to add player KaiseFitzs into team Lonely (expected team: 4trueKaiseFitzsA).
27.05.2026 - 21:05:16 - [TAB v6.0.2] Blocked attempt to add player Taoquametmoi863 into team Sun (expected team: 6trueTaoquametmA).
27.05.2026 - 21:07:45 - [TAB v6.0.2] Blocked attempt to add player nqocvinhhh into team Lonely (expected team: ;falsenqocvinhhA).
27.05.2026 - 21:11:26 - [TAB v6.0.2] Blocked attempt to add player mastergamer3379 into team hyper1 (expected team: ;truemastergameA).
27.05.2026 - 21:13:24 - [TAB v6.0.2] Blocked attempt to add player yunnie into team Sun (expected team: 4falseyunnieA).
27.05.2026 - 21:17:07 - [TAB v6.0.2] Blocked attempt to add player DaoMinhKhoi_ into team dangkh0a (expected team: 4falseDaoMinhKhA).
27.05.2026 - 21:17:27 - [TAB v6.0.2] Blocked attempt to add player hazumi into team Sun (expected team: 4falsehazumiA).
27.05.2026 - 21:17:30 - [TAB v6.0.2] Blocked attempt to add player nqocvinhhh into team Lonely (expected team: ;falsenqocvinhhA).
27.05.2026 - 21:18:05 - [TAB v6.0.2] Blocked attempt to add player yunnie into team Sun (expected team: 4falseyunnieA).
27.05.2026 - 21:18:44 - [TAB v6.0.2] Blocked attempt to add player nqocvinhhh into team Lonely (expected team: ;falsenqocvinhhA).
27.05.2026 - 21:19:16 - [TAB v6.0.2] Blocked attempt to add player KaiseFitzs into team Lonely (expected team: 4trueKaiseFitzsA).
27.05.2026 - 21:19:56 - [TAB v6.0.2] Blocked attempt to add player hazumi into team Sun (expected team: 4falsehazumiA).
27.05.2026 - 21:20:30 - [TAB v6.0.2] Blocked attempt to add player KaiseFitzs into team Lonely (expected team: 4trueKaiseFitzsA).
27.05.2026 - 21:21:44 - [TAB v6.0.2] Blocked attempt to add player hazumi into team Sun (expected team: 4falsehazumiA).
27.05.2026 - 21:26:16 - [TAB v6.0.2] Blocked attempt to add player KaiseFitzs into team Lonely (expected team: 4trueKaiseFitzsA).
27.05.2026 - 21:32:25 - [TAB v6.0.2] Blocked attempt to add player Yuui_MC into team Sun (expected team: 6falseYuui_MCA).
27.05.2026 - 21:54:22 - [TAB v6.0.2] Blocked attempt to add player KaiseFitzs into team Lonely (expected team: 4trueKaiseFitzsA).
27.05.2026 - 22:05:51 - [TAB v6.0.2] Blocked attempt to add player Nhatcuongbeo into team Tuat1 (expected team: ;trueNhatcuongbA).
27.05.2026 - 22:41:48 - [TAB v6.0.2] Blocked attempt to add player Beesweet2511 into team Lonely (expected team: ;trueBeesweet25A).
27.05.2026 - 22:56:38 - [TAB v6.0.2] Blocked attempt to add player Nhatcuongbeo into team Tuat1 (expected team: ;trueNhatcuongbA).
27.05.2026 - 22:58:56 - [TAB v6.0.2] Blocked attempt to add player KaiseFitzs into team Lonely (expected team: 4trueKaiseFitzsA).
27.05.2026 - 23:54:34 - [TAB v6.0.2] Blocked attempt to add player Nhatcuongbeo into team Tuat1 (expected team: ;trueNhatcuongbA).
28.05.2026 - 00:03:37 - [TAB v6.0.2] Blocked attempt to add player KaiseFitzs into team Lonely (expected team: 4trueKaiseFitzsA).
28.05.2026 - 00:27:22 - [TAB v6.0.2] Blocked attempt to add player Nhatcuongbeo into team Tuat1 (expected team: ;trueNhatcuongbA).
28.05.2026 - 00:27:40 - [TAB v6.0.2] Blocked attempt to add player hazumi into team Sun (expected team: 4falsehazumiA).
28.05.2026 - 00:30:49 - [TAB v6.0.2] Blocked attempt to add player KaiseFitzs into team Lonely (expected team: 4trueKaiseFitzsA).
28.05.2026 - 00:35:08 - [TAB v6.0.2] Blocked attempt to add player Nhatcuongbeo into team Tuat1 (expected team: ;trueNhatcuongbA).
28.05.2026 - 00:48:33 - [TAB v6.0.2] Blocked attempt to add player KaiseFitzs into team Lonely (expected team: 4trueKaiseFitzsA).
28.05.2026 - 00:49:09 - [TAB v6.0.2] Blocked attempt to add player hazumi into team Sun (expected team: 4falsehazumiA).
28.05.2026 - 01:11:11 - [TAB v6.0.2] Blocked attempt to add player KaiseFitzs into team Lonely (expected team: 4trueKaiseFitzsA).
28.05.2026 - 01:24:23 - [TAB v6.0.2] Blocked attempt to add player Nhatcuongbeo into team Tuat1 (expected team: ;trueNhatcuongbA).
28.05.2026 - 01:33:49 - [TAB v6.0.2] Blocked attempt to add player KaiseFitzs into team Lonely (expected team: 4trueKaiseFitzsA).
28.05.2026 - 01:33:55 - [TAB v6.0.2] Blocked attempt to add player DaoMinhKhoi_ into team dangkh0a (expected team: 4falseDaoMinhKhA).
28.05.2026 - 01:45:30 - [TAB v6.0.2] Blocked attempt to add player KaiseFitzs into team Lonely (expected team: 4trueKaiseFitzsA).
28.05.2026 - 02:20:22 - [TAB v6.0.2] Blocked attempt to add player DaoMinhKhoi_ into team dangkh0a (expected team: 4falseDaoMinhKhA).
28.05.2026 - 02:49:31 - [TAB v6.0.2] Blocked attempt to add player DaoMinhKhoi_ into team dangkh0a (expected team: 0falseDaoMinhKhA).
28.05.2026 - 02:56:32 - [TAB v6.0.2] Blocked attempt to add player DaoMinhKhoi_ into team dangkh0a (expected team: 0falseDaoMinhKhA).
28.05.2026 - 03:08:56 - [TAB v6.0.2] Blocked attempt to add player DaoMinhKhoi_ into team dangkh0a (expected team: 0falseDaoMinhKhA).
28.05.2026 - 03:24:43 - [TAB v6.0.2] Blocked attempt to add player DaoMinhKhoi_ into team dangkh0a (expected team: 0falseDaoMinhKhA).
28.05.2026 - 03:29:37 - [TAB v6.0.2] Blocked attempt to add player Ngocbip130912 into team Sun (expected team: 9trueNgocbip130A).
28.05.2026 - 03:37:34 - [TAB v6.0.2] Blocked attempt to add player DaoMinhKhoi_ into team dangkh0a (expected team: 0falseDaoMinhKhA).
28.05.2026 - 03:52:45 - [TAB v6.0.2] Blocked attempt to add player Ngocbip130912 into team Sun (expected team: 9trueNgocbip130A).
28.05.2026 - 05:14:44 - [TAB v6.0.2] Blocked attempt to add player Yuui_MC into team Sun (expected team: 6falseYuui_MCA).
28.05.2026 - 06:08:20 - [TAB v6.0.2] Blocked attempt to add player KaiseFitzs into team Lonely (expected team: 4trueKaiseFitzsA).
28.05.2026 - 06:52:31 - [TAB v6.0.2] Blocked attempt to add player Beesweet2511 into team Lonely (expected team: ;trueBeesweet25A).
28.05.2026 - 06:59:17 - [TAB v6.0.2] Blocked attempt to add player KaiseFitzs into team Lonely (expected team: 4trueKaiseFitzsA).
28.05.2026 - 07:30:52 - [TAB v6.0.2] Blocked attempt to add player nqocvinhhh into team Lonely (expected team: ;falsenqocvinhhA).
28.05.2026 - 07:37:29 - [TAB v6.0.2] Blocked attempt to add player KaiseFitzs into team Lonely (expected team: 4trueKaiseFitzsA).
28.05.2026 - 07:47:26 - [TAB v6.0.2] Blocked attempt to add player Beesweet2511 into team Lonely (expected team: ;trueBeesweet25A).
28.05.2026 - 07:57:02 - [TAB v6.0.2] Blocked attempt to add player KaiseFitzs into team Lonely (expected team: 4trueKaiseFitzsA).
28.05.2026 - 08:13:44 - [TAB v6.0.2] Blocked attempt to add player Beesweet2511 into team Lonely (expected team: ;trueBeesweet25A).
28.05.2026 - 08:17:47 - [TAB v6.0.2] Blocked attempt to add player KaiseFitzs into team Lonely (expected team: 4trueKaiseFitzsA).
28.05.2026 - 08:33:58 - [TAB v6.0.2] Blocked attempt to add player Taoquametmoi863 into team Sun (expected team: 6trueTaoquametmA).
28.05.2026 - 08:52:25 - [TAB v6.0.2] Blocked attempt to add player KaiseFitzs into team Lonely (expected team: 4trueKaiseFitzsA).
28.05.2026 - 08:57:29 - [TAB v6.0.2] Blocked attempt to add player Daeity_Svp into team Lethal1 (expected team: ;falseDaeity_SvA).
28.05.2026 - 09:13:59 - [TAB v6.0.2] Blocked attempt to add player Beesweet2511 into team Lonely (expected team: ;trueBeesweet25A).
28.05.2026 - 09:25:03 - [TAB v6.0.2] Blocked attempt to add player Yuui_MC into team Sun (expected team: 6falseYuui_MCA).
28.05.2026 - 09:25:03 - [TAB v6.0.2] Blocked attempt to add player Yuui_MC into team Sun (expected team: 6falseYuui_MCA).
28.05.2026 - 09:28:49 - [TAB v6.0.2] Blocked attempt to add player KaiseFitzs into team Lonely (expected team: 4trueKaiseFitzsA).
28.05.2026 - 09:31:48 - [TAB v6.0.2] Blocked attempt to add player HODUNGTAMLUC into team yenbinh1 (expected team: ;falseHODUNGTAMA).
28.05.2026 - 09:43:57 - [TAB v6.0.2] Blocked attempt to add player Nhatcuongbeo into team Tuat1 (expected team: ;trueNhatcuongbA).
28.05.2026 - 09:50:17 - [TAB v6.0.2] Blocked attempt to add player HODUNGTAMLUC into team yenbinh1 (expected team: ;falseHODUNGTAMA).
28.05.2026 - 09:50:19 - [TAB v6.0.2] Blocked attempt to add player mastergamer3379 into team hyper1 (expected team: ;truemastergameA).
28.05.2026 - 09:55:21 - [TAB v6.0.2] Blocked attempt to add player KaiseFitzs into team Lonely (expected team: 4trueKaiseFitzsA).
28.05.2026 - 10:07:47 - [TAB v6.0.2] Blocked attempt to add player nqocvinhhh into team Lonely (expected team: 4falsenqocvinhhA).
28.05.2026 - 10:14:41 - [TAB v6.0.2] Blocked attempt to add player KaiseFitzs into team Lonely (expected team: 4trueKaiseFitzsA).
28.05.2026 - 12:10:45 - [TAB v6.0.2] Blocked attempt to add player DaoMinhKhoi_ into team dangkh0a (expected team: 4falseDaoMinhKhA).
28.05.2026 - 12:22:52 - [TAB v6.0.2] Blocked attempt to add player DaoMinhKhoi_ into team dangkh0a (expected team: 0falseDaoMinhKhA).
28.05.2026 - 12:24:28 - [TAB v6.0.2] Blocked attempt to add player KaiseFitzs into team Lonely (expected team: 4trueKaiseFitzsA).
28.05.2026 - 12:30:28 - [TAB v6.0.2] Blocked attempt to add player Taoquametmoi into team Sun (expected team: 7falseTaoquametA).
28.05.2026 - 12:31:02 - [TAB v6.0.2] Blocked attempt to add player Taoquametmoi863 into team Sun (expected team: 6trueTaoquametmA).
28.05.2026 - 12:34:06 - [TAB v6.0.2] Blocked attempt to add player KaiseFitzs into team Lonely (expected team: 4trueKaiseFitzsA).
28.05.2026 - 13:05:44 - [TAB v6.0.2] Blocked attempt to add player Taoquametmoi into team AQUA (expected team: 4falseTaoquametA).
28.05.2026 - 13:05:44 - [TAB v6.0.2] Blocked attempt to add player Taoquametmoi into team AQUA (expected team: 4falseTaoquametA).
28.05.2026 - 13:12:31 - [TAB v6.0.2] Blocked attempt to add player KaiseFitzs into team Lonely (expected team: 4trueKaiseFitzsA).
28.05.2026 - 13:32:47 - [TAB v6.0.2] Blocked attempt to add player DaoMinhKhoi_ into team dangkh0a (expected team: 4falseDaoMinhKhA).
28.05.2026 - 13:42:44 - [TAB v6.0.2] Blocked attempt to add player DaoMinhKhoi_ into team dangkh0a (expected team: 4falseDaoMinhKhA).
28.05.2026 - 13:48:53 - [TAB v6.0.2] Blocked attempt to add player DaoMinhKhoi_ into team dangkh0a (expected team: 4falseDaoMinhKhA).
28.05.2026 - 14:11:19 - [TAB v6.0.2] Blocked attempt to add player DaoMinhKhoi_ into team dangkh0a (expected team: 4falseDaoMinhKhA).
28.05.2026 - 14:18:43 - [TAB v6.0.2] Blocked attempt to add player KaiseFitzs into team Lonely (expected team: 4trueKaiseFitzsA).
28.05.2026 - 14:22:22 - [TAB v6.0.2] Blocked attempt to add player Taoquametmoi into team Sun (expected team: 4falseTaoquametA).
28.05.2026 - 14:22:52 - [TAB v6.0.2] Blocked attempt to add player Yuui_MC into team Sun (expected team: 4falseYuui_MCA).
28.05.2026 - 14:29:41 - [TAB v6.0.2] Blocked attempt to add player DaoMinhKhoi_ into team dangkh0a (expected team: 4falseDaoMinhKhA).
28.05.2026 - 14:31:22 - [TAB v6.0.2] Blocked attempt to add player KaiseFitzs into team Lonely (expected team: 4trueKaiseFitzsA).
28.05.2026 - 14:42:54 - [TAB v6.0.2] Blocked attempt to add player nqocvinhhh into team Lonely (expected team: 4falsenqocvinhhA).
28.05.2026 - 14:44:34 - [TAB v6.0.2] Blocked attempt to add player KaiseFitzs into team Lonely (expected team: 4trueKaiseFitzsA).
28.05.2026 - 15:57:03 - [TAB v6.0.2] Blocked attempt to add player hazumi into team Sun (expected team: 4falsehazumiA).
28.05.2026 - 15:58:48 - [TAB v6.0.2] Blocked attempt to add player mastergamer3379 into team hyper1 (expected team: ;truemastergameA).
28.05.2026 - 16:11:30 - [TAB v6.0.2] Blocked attempt to add player KaiseFitzs into team Lonely (expected team: 4trueKaiseFitzsA).
28.05.2026 - 16:11:30 - [TAB v6.0.2] Blocked attempt to add player KaiseFitzs into team Lonely (expected team: 4trueKaiseFitzsA).
28.05.2026 - 16:38:13 - [TAB v6.0.2] Blocked attempt to add player Beesweet2511 into team Lonely (expected team: ;trueBeesweet25A).
28.05.2026 - 17:03:48 - [TAB v6.0.2] Blocked attempt to add player yunnie into team Sun (expected team: 4falseyunnieA).
28.05.2026 - 17:18:42 - [TAB v6.0.2] Blocked attempt to add player hazumi into team Sun (expected team: 4falsehazumiA).
28.05.2026 - 17:19:05 - [TAB v6.0.2] Blocked attempt to add player Beesweet2511 into team Lonely (expected team: ;trueBeesweet25A).
28.05.2026 - 17:21:36 - [TAB v6.0.2] Blocked attempt to add player KaiseFitzs into team Lonely (expected team: 4trueKaiseFitzsA).
28.05.2026 - 17:21:51 - [TAB v6.0.2] Blocked attempt to add player hazumi into team Sun (expected team: 4falsehazumiA).
28.05.2026 - 17:35:36 - [TAB v6.0.2] Blocked attempt to add player hazumi into team Sun (expected team: 4falsehazumiA).
28.05.2026 - 17:36:03 - [TAB v6.0.2] Blocked attempt to add player DaoMinhKhoi_ into team dangkh0a (expected team: 4falseDaoMinhKhA).
28.05.2026 - 18:15:40 - [TAB v6.0.2] Blocked attempt to add player KaiseFitzs into team Lonely (expected team: 4trueKaiseFitzsA).
28.05.2026 - 18:15:40 - [TAB v6.0.2] Blocked attempt to add player KaiseFitzs into team Lonely (expected team: 4trueKaiseFitzsA).
28.05.2026 - 18:25:40 - [TAB v6.0.2] Blocked attempt to add player Yuui_MC into team Sun (expected team: 4falseYuui_MCA).
28.05.2026 - 18:42:43 - [TAB v6.0.2] Blocked attempt to add player hazumi into team Sun (expected team: 4falsehazumiA).
28.05.2026 - 18:43:08 - [TAB v6.0.2] Blocked attempt to add player Yuui_MC into team Sun (expected team: 4falseYuui_MCA).
28.05.2026 - 19:13:39 - [TAB v6.0.2] Blocked attempt to add player DaoMinhKhoi_ into team dangkh0a (expected team: 0falseDaoMinhKhA).
28.05.2026 - 19:13:40 - [TAB v6.0.2] Blocked attempt to add player KaiseFitzs into team Lonely (expected team: 4trueKaiseFitzsA).
28.05.2026 - 19:38:50 - [TAB v6.0.2] Blocked attempt to add player DaoMinhKhoi_ into team dangkh0a (expected team: 4falseDaoMinhKhA).
28.05.2026 - 19:39:04 - [TAB v6.0.2] Blocked attempt to add player hazumi into team Sun (expected team: 4falsehazumiA).
28.05.2026 - 19:50:52 - [TAB v6.0.2] Blocked attempt to add player KaiseFitzs into team Lonely (expected team: 4trueKaiseFitzsA).
28.05.2026 - 20:06:38 - [TAB v6.0.2] Blocked attempt to add player hazumi into team Sun (expected team: 4falsehazumiA).
28.05.2026 - 20:06:38 - [TAB v6.0.2] Blocked attempt to add player hazumi into team Sun (expected team: 4falsehazumiA).
28.05.2026 - 20:42:54 - [TAB v6.0.2] Blocked attempt to add player Yuui_MC into team Sun (expected team: 4falseYuui_MCA).
28.05.2026 - 20:45:24 - [TAB v6.0.2] Blocked attempt to add player nqocvinhhh into team Lonely (expected team: 4falsenqocvinhhA).
28.05.2026 - 20:52:48 - [TAB v6.0.2] Blocked attempt to add player yunnie into team Sun (expected team: 4falseyunnieA).
28.05.2026 - 20:58:03 - [TAB v6.0.2] Blocked attempt to add player HODUNGTAMLUC into team yenbinh1 (expected team: ;falseHODUNGTAMA).
28.05.2026 - 21:01:20 - [TAB v6.0.2] Blocked attempt to add player yunnie into team Sun (expected team: 4falseyunnieA).
28.05.2026 - 21:02:37 - [TAB v6.0.2] Blocked attempt to add player Yuui_MC into team Sun (expected team: 4falseYuui_MCA).
28.05.2026 - 21:08:18 - [TAB v6.0.2] Blocked attempt to add player KaiseFitzs into team Lonely (expected team: 4trueKaiseFitzsA).
28.05.2026 - 21:21:41 - [TAB v6.0.2] Blocked attempt to add player Taoquametmoi863 into team Sun (expected team: 6trueTaoquametmA).
28.05.2026 - 21:25:01 - [TAB v6.0.2] Blocked attempt to add player Nhatcuongbeo into team Tuat1 (expected team: ;trueNhatcuongbA).
28.05.2026 - 21:26:54 - [TAB v6.0.2] Blocked attempt to add player mastergamer3379 into team hyper1 (expected team: ;truemastergameA).
28.05.2026 - 21:26:54 - [TAB v6.0.2] Blocked attempt to add player mastergamer3379 into team hyper1 (expected team: ;truemastergameA).
28.05.2026 - 21:26:54 - [TAB v6.0.2] Blocked attempt to add player mastergamer3379 into team hyper1 (expected team: ;truemastergameA).
28.05.2026 - 21:30:45 - [TAB v6.0.2] Blocked attempt to add player Nhatcuongbeo into team Tuat1 (expected team: ;trueNhatcuongbA).
28.05.2026 - 21:41:19 - [TAB v6.0.2] Blocked attempt to add player DaoMinhKhoi_ into team dangkh0a (expected team: 4falseDaoMinhKhA).
28.05.2026 - 21:43:35 - [TAB v6.0.2] Blocked attempt to add player hazumi into team Sun (expected team: 4falsehazumiA).
28.05.2026 - 21:50:50 - [TAB v6.0.2] Blocked attempt to add player Taoquametmoi into team Sun (expected team: 4falseTaoquametA).
28.05.2026 - 21:58:15 - [TAB v6.0.2] Blocked attempt to add player yunnie into team Sun (expected team: 4falseyunnieA).
28.05.2026 - 21:58:53 - [TAB v6.0.2] Blocked attempt to add player Taoquametmoi into team Sun (expected team: 4falseTaoquametA).
28.05.2026 - 22:09:20 - [TAB v6.0.2] Blocked attempt to add player yunnie into team Sun (expected team: 4falseyunnieA).
28.05.2026 - 22:23:17 - [TAB v6.0.2] Blocked attempt to add player KaiseFitzs into team Lonely (expected team: 4trueKaiseFitzsA).
28.05.2026 - 22:37:38 - [TAB v6.0.2] Blocked attempt to add player HODUNGTAMLUC into team yenbinh1 (expected team: ;falseHODUNGTAMA).
28.05.2026 - 23:11:07 - [TAB v6.0.2] Blocked attempt to add player KaiseFitzs into team Lonely (expected team: 4trueKaiseFitzsA).
28.05.2026 - 23:14:29 - [TAB v6.0.2] Blocked attempt to add player hazumi into team Sun (expected team: 4falsehazumiA).
28.05.2026 - 23:50:01 - [TAB v6.0.2] Blocked attempt to add player Nhatcuongbeo into team Tuat1 (expected team: ;trueNhatcuongbA).
28.05.2026 - 23:53:53 - [TAB v6.0.2] Blocked attempt to add player KaiseFitzs into team Lonely (expected team: 4trueKaiseFitzsA).
29.05.2026 - 00:15:43 - [TAB v6.0.2] Blocked attempt to add player Nhatcuongbeo into team Tuat1 (expected team: ;trueNhatcuongbA).
29.05.2026 - 00:19:36 - [TAB v6.0.2] Blocked attempt to add player DaoMinhKhoi_ into team dangkh0a (expected team: 4falseDaoMinhKhA).
29.05.2026 - 00:34:45 - [TAB v6.0.2] Blocked attempt to add player DaoMinhKhoi_ into team dangkh0a (expected team: 4falseDaoMinhKhA).
29.05.2026 - 00:36:01 - [TAB v6.0.2] Blocked attempt to add player hazumi into team Sun (expected team: 4falsehazumiA).
29.05.2026 - 00:36:36 - [TAB v6.0.2] Blocked attempt to add player KaiseFitzs into team Lonely (expected team: 4trueKaiseFitzsA).
29.05.2026 - 00:42:27 - [TAB v6.0.2] Blocked attempt to add player Nhatcuongbeo into team Tuat1 (expected team: ;trueNhatcuongbA).
29.05.2026 - 02:23:34 - [TAB v6.0.2] Blocked attempt to add player DaoMinhKhoi_ into team dangkh0a (expected team: 4falseDaoMinhKhA).
29.05.2026 - 05:39:17 - [TAB v6.0.2] Blocked attempt to add player Yuui_MC into team Sun (expected team: 4falseYuui_MCA).
29.05.2026 - 06:07:57 - [TAB v6.0.2] Blocked attempt to add player KaiseFitzs into team Lonely (expected team: 4trueKaiseFitzsA).
29.05.2026 - 06:38:09 - [TAB v6.0.2] Blocked attempt to add player Yuui_MC into team Sun (expected team: 4falseYuui_MCA).
29.05.2026 - 06:41:46 - [TAB v6.0.2] Blocked attempt to add player KaiseFitzs into team Lonely (expected team: 4trueKaiseFitzsA).
29.05.2026 - 06:44:51 - [TAB v6.0.2] Blocked attempt to add player Yuui_MC into team Sun (expected team: 4falseYuui_MCA).
29.05.2026 - 07:49:28 - [TAB v6.0.2] Blocked attempt to add player nqocvinhhh into team Lonely (expected team: 4falsenqocvinhhA).
29.05.2026 - 08:08:06 - [TAB v6.0.2] Blocked attempt to add player mastergamer3379 into team hyper1 (expected team: ;truemastergameA).
29.05.2026 - 08:13:08 - [TAB v6.0.2] Blocked attempt to add player Yuui_MC into team Sun (expected team: 4falseYuui_MCA).
29.05.2026 - 08:29:26 - [TAB v6.0.2] Blocked attempt to add player yunnie into team Sun (expected team: 4falseyunnieA).
29.05.2026 - 08:35:47 - [TAB v6.0.2] Blocked attempt to add player Yuui_MC into team Sun (expected team: 4falseYuui_MCA).
29.05.2026 - 08:36:49 - [TAB v6.0.2] Blocked attempt to add player mastergamer3379 into team hyper1 (expected team: ;truemastergameA).
29.05.2026 - 08:57:00 - [TAB v6.0.2] Blocked attempt to add player Yuui_MC into team Sun (expected team: 4falseYuui_MCA).
29.05.2026 - 09:41:41 - [TAB v6.0.2] Blocked attempt to add player KaiseFitzs into team Lonely (expected team: 4trueKaiseFitzsA).
29.05.2026 - 09:56:50 - [TAB v6.0.2] Blocked attempt to add player Nhatcuongbeo into team Tuat1 (expected team: ;trueNhatcuongbA).
29.05.2026 - 10:23:48 - [TAB v6.0.2] Blocked attempt to add player KaiseFitzs into team Lonely (expected team: 4trueKaiseFitzsA).
29.05.2026 - 10:39:16 - [TAB v6.0.2] Blocked attempt to add player yunnie into team Sun (expected team: 4falseyunnieA).
29.05.2026 - 11:00:26 - [TAB v6.0.2] Blocked attempt to add player KaiseFitzs into team Lonely (expected team: 4trueKaiseFitzsA).
29.05.2026 - 11:02:39 - [TAB v6.0.2] Blocked attempt to add player Yuui_MC into team Sun (expected team: 4falseYuui_MCA).
29.05.2026 - 11:30:13 - [TAB v6.0.2] Blocked attempt to add player Aris into team Sun (expected team: ;falseArisA).
29.05.2026 - 11:37:22 - [TAB v6.0.2] Blocked attempt to add player Nhatcuongbeo into team Tuat1 (expected team: ;trueNhatcuongbA).
29.05.2026 - 12:16:27 - [TAB v6.0.2] Blocked attempt to add player hazumi into team Sun (expected team: 4falsehazumiA).
29.05.2026 - 12:52:23 - [TAB v6.0.2] Blocked attempt to add player Yuui_MC into team Sun (expected team: 4falseYuui_MCA).
29.05.2026 - 12:54:22 - [TAB v6.0.2] Blocked attempt to add player hazumi into team Sun (expected team: 4falsehazumiA).
29.05.2026 - 13:35:51 - [TAB v6.0.2] Blocked attempt to add player KaiseFitzs into team Lonely (expected team: 4trueKaiseFitzsA).
29.05.2026 - 13:42:30 - [TAB v6.0.2] Blocked attempt to add player nqocvinhhh into team Lonely (expected team: 4falsenqocvinhhA).
29.05.2026 - 14:27:40 - [TAB v6.0.2] Blocked attempt to add player hazumi into team Sun (expected team: 4falsehazumiA).
29.05.2026 - 14:48:31 - [TAB v6.0.2] Blocked attempt to add player Nhatcuongbeo into team Tuat1 (expected team: ;trueNhatcuongbA).
29.05.2026 - 15:18:26 - [TAB v6.0.2] Blocked attempt to add player Aris into team Sun (expected team: ;falseArisA).
29.05.2026 - 15:31:58 - [TAB v6.0.2] Blocked attempt to add player yunnie into team Sun (expected team: 4falseyunnieA).
29.05.2026 - 15:32:15 - [TAB v6.0.2] Blocked attempt to add player Aris into team Sun (expected team: ;falseArisA).
29.05.2026 - 15:57:58 - [TAB v6.0.2] Blocked attempt to add player KaiseFitzs into team Lonely (expected team: 4trueKaiseFitzsA).
29.05.2026 - 15:58:07 - [TAB v6.0.2] Blocked attempt to add player Yuui_MC into team Sun (expected team: 4falseYuui_MCA).
29.05.2026 - 16:02:46 - [TAB v6.0.2] Blocked attempt to add player mastergamer3379 into team hyper1 (expected team: ;truemastergameA).
29.05.2026 - 17:05:08 - [TAB v6.0.2] Blocked attempt to add player Aris into team Sun (expected team: ;falseArisA).
29.05.2026 - 17:41:17 - [TAB v6.0.2] Blocked attempt to add player Yuui_MC into team Sun (expected team: 4falseYuui_MCA).
29.05.2026 - 17:56:15 - [TAB v6.0.2] Blocked attempt to add player hazumi into team Sun (expected team: 4falsehazumiA).
29.05.2026 - 18:37:14 - [TAB v6.0.2] Blocked attempt to add player yunnie into team Sun (expected team: 4falseyunnieA).
29.05.2026 - 18:38:10 - [TAB v6.0.2] Blocked attempt to add player hazumi into team Sun (expected team: 4falsehazumiA).
29.05.2026 - 19:12:29 - [TAB v6.0.2] Blocked attempt to add player HODUNGTAMLUC into team yenbinh1 (expected team: ;falseHODUNGTAMA).
29.05.2026 - 19:13:09 - [TAB v6.0.2] Blocked attempt to add player hazumi into team Sun (expected team: 4falsehazumiA).
29.05.2026 - 19:14:19 - [TAB v6.0.2] Blocked attempt to add player HODUNGTAMLUC into team yenbinh1 (expected team: ;falseHODUNGTAMA).
29.05.2026 - 19:40:56 - [TAB v6.0.2] Blocked attempt to add player KaiseFitzs into team Lonely (expected team: 4trueKaiseFitzsA).
29.05.2026 - 19:45:17 - [TAB v6.0.2] Blocked attempt to add player HODUNGTAMLUC into team yenbinh1 (expected team: ;falseHODUNGTAMA).
29.05.2026 - 20:21:03 - [TAB v6.0.2] Blocked attempt to add player Yuui_MC into team Sun (expected team: 4falseYuui_MCA).
29.05.2026 - 20:22:39 - [TAB v6.0.2] Blocked attempt to add player hazumi into team Sun (expected team: 4falsehazumiA).
29.05.2026 - 20:31:19 - [TAB v6.0.2] Blocked attempt to add player HODUNGTAMLUC into team yenbinh1 (expected team: ;falseHODUNGTAMA).
29.05.2026 - 20:58:24 - [TAB v6.0.2] Blocked attempt to add player KaiseFitzs into team Lonely (expected team: 4trueKaiseFitzsA).
29.05.2026 - 21:10:09 - [TAB v6.0.2] Blocked attempt to add player Beesweet2511 into team Lonely (expected team: ;trueBeesweet25A).
29.05.2026 - 21:13:45 - [TAB v6.0.2] Blocked attempt to add player yunnie into team Sun (expected team: 4falseyunnieA).
29.05.2026 - 21:23:44 - [TAB v6.0.2] Blocked attempt to add player Nhatcuongbeo into team Tuat1 (expected team: ;trueNhatcuongbA).
29.05.2026 - 21:26:22 - [TAB v6.0.2] Blocked attempt to add player Yuui_MC into team Sun (expected team: 4falseYuui_MCA).
29.05.2026 - 21:40:14 - [TAB v6.0.2] Blocked attempt to add player hazumi into team Sun (expected team: 4falsehazumiA).
29.05.2026 - 22:07:32 - [TAB v6.0.2] Blocked attempt to add player DaoMinhKhoi_ into team dangkh0a (expected team: 4falseDaoMinhKhA).
29.05.2026 - 22:07:52 - [TAB v6.0.2] Blocked attempt to add player HODUNGTAMLUC into team yenbinh1 (expected team: ;falseHODUNGTAMA).
29.05.2026 - 22:35:21 - [TAB v6.0.2] Blocked attempt to add player yunnie into team Sun (expected team: 4falseyunnieA).
29.05.2026 - 22:38:04 - [TAB v6.0.2] Blocked attempt to add player nqocvinhhh into team Lonely (expected team: 4falsenqocvinhhA).
29.05.2026 - 22:44:19 - [TAB v6.0.2] Blocked attempt to add player KaiseFitzs into team Lonely (expected team: 4trueKaiseFitzsA).
29.05.2026 - 23:13:08 - [TAB v6.0.2] Blocked attempt to add player nqocvinhhh into team Lonely (expected team: 4falsenqocvinhhA).
29.05.2026 - 23:25:40 - [TAB v6.0.2] Blocked attempt to add player hazumi into team Sun (expected team: 4falsehazumiA).
30.05.2026 - 00:16:45 - [TAB v6.0.2] Blocked attempt to add player DaoMinhKhoi_ into team dangkh0a (expected team: 4falseDaoMinhKhA).
30.05.2026 - 01:30:29 - [TAB v6.0.2] Blocked attempt to add player KaiseFitzs into team Lonely (expected team: 4trueKaiseFitzsA).
30.05.2026 - 02:05:45 - [TAB v6.0.2] Blocked attempt to add player DaoMinhKhoi_ into team dangkh0a (expected team: 4falseDaoMinhKhA).
30.05.2026 - 02:29:40 - [TAB v6.0.2] Blocked attempt to add player DaoMinhKhoi_ into team dangkh0a (expected team: 0falseDaoMinhKhA).
30.05.2026 - 03:35:37 - [TAB v6.0.2] Blocked attempt to add player nqocvinhhh into team Lonely (expected team: 4falsenqocvinhhA).
30.05.2026 - 05:42:30 - [TAB v6.0.2] Blocked attempt to add player KaiseFitzs into team Lonely (expected team: 4trueKaiseFitzsA).
30.05.2026 - 05:59:35 - [TAB v6.0.2] Blocked attempt to add player Yuui_MC into team Sun (expected team: 4falseYuui_MCA).
30.05.2026 - 05:59:42 - [TAB v6.0.2] Blocked attempt to add player KaiseFitzs into team Lonely (expected team: 4trueKaiseFitzsA).
30.05.2026 - 07:29:42 - [TAB v6.0.2] Blocked attempt to add player hazumi into team Sun (expected team: 4falsehazumiA).
30.05.2026 - 07:42:31 - [TAB v6.0.2] Blocked attempt to add player Yuui_MC into team Sun (expected team: 4falseYuui_MCA).
30.05.2026 - 08:06:25 - [TAB v6.0.2] Blocked attempt to add player KaiseFitzs into team Lonely (expected team: 4trueKaiseFitzsA).
30.05.2026 - 08:33:43 - [TAB v6.0.2] Blocked attempt to add player Yuui_MC into team Sun (expected team: 4falseYuui_MCA).
30.05.2026 - 08:38:41 - [TAB v6.0.2] Blocked attempt to add player hazumi into team Sun (expected team: 4falsehazumiA).
30.05.2026 - 10:12:25 - [TAB v6.0.2] Blocked attempt to add player nqocvinhhh into team Lonely (expected team: 4falsenqocvinhhA).
30.05.2026 - 10:58:56 - [TAB v6.0.2] Blocked attempt to add player KaiseFitzs into team Lonely (expected team: 4trueKaiseFitzsA).
30.05.2026 - 11:06:09 - [TAB v6.0.2] Blocked attempt to add player hazumi into team Sun (expected team: 4falsehazumiA).
30.05.2026 - 11:23:41 - [TAB v6.0.2] Blocked attempt to add player Yuui_MC into team Sun (expected team: 4falseYuui_MCA).
30.05.2026 - 12:15:50 - [TAB v6.0.2] Blocked attempt to add player nqocvinhhh into team Lonely (expected team: 4falsenqocvinhhA).
30.05.2026 - 12:31:36 - [TAB v6.0.2] Blocked attempt to add player hazumi into team Sun (expected team: 4falsehazumiA).
30.05.2026 - 13:12:45 - [TAB v6.0.2] Blocked attempt to add player Yuui_MC into team Sun (expected team: 4falseYuui_MCA).
30.05.2026 - 13:16:02 - [TAB v6.0.2] Blocked attempt to add player DaoMinhKhoi_ into team dangkh0a (expected team: 4falseDaoMinhKhA).
30.05.2026 - 13:22:19 - [TAB v6.0.2] Blocked attempt to add player nqocvinhhh into team Lonely (expected team: 4falsenqocvinhhA).
30.05.2026 - 13:22:19 - [TAB v6.0.2] Blocked attempt to add player hazumi into team Sun (expected team: 4falsehazumiA).
30.05.2026 - 13:22:27 - [TAB v6.0.2] Blocked attempt to add player Yuui_MC into team Sun (expected team: 4falseYuui_MCA).
30.05.2026 - 13:23:29 - [TAB v6.0.2] Blocked attempt to add player KaiseFitzs into team Lonely (expected team: 4trueKaiseFitzsA).
30.05.2026 - 13:36:24 - [TAB v6.0.2] Blocked attempt to add player Yuui_MC into team Sun (expected team: 4falseYuui_MCA).
30.05.2026 - 13:40:25 - [TAB v6.0.2] Blocked attempt to add player hazumi into team Sun (expected team: 4falsehazumiA).
30.05.2026 - 14:18:52 - [TAB v6.0.2] Blocked attempt to add player Aris into team Sun (expected team: ;falseArisA).
30.05.2026 - 14:25:48 - [TAB v6.0.2] Blocked attempt to add player KaiseFitzs into team Lonely (expected team: 4trueKaiseFitzsA).
30.05.2026 - 14:26:53 - [TAB v6.0.2] Blocked attempt to add player hazumi into team Sun (expected team: 4falsehazumiA).
30.05.2026 - 14:47:52 - [TAB v6.0.2] Blocked attempt to add player luan27852 into team GRAY (expected team: 4trueluan27852A).
30.05.2026 - 14:47:52 - [TAB v6.0.2] Blocked attempt to add player luan27852 into team GRAY (expected team: 4trueluan27852A).
30.05.2026 - 14:47:52 - [TAB v6.0.2] Blocked attempt to add player luan27852 into team GRAY (expected team: 4trueluan27852A).
