[06-05 10:10:48]: [INFO] Created column 'regdate' and set the current timestamp, 1780629048528, to all 0 rows
[06-05 10:10:48]: [INFO] SQLite Setup finished
[06-05 10:10:48]: [INFO] Hooked into LuckPerms!
[06-05 10:10:48]: [INFO] Hooked successfully into Essentials
[06-05 10:10:48]: [INFO] AuthMe 6.0.0-R1 build n.2698 successfully enabled!
[06-05 10:10:57]: [INFO] Downloading GEO IP database, because the old database is older than 30 days or doesn't exist
[06-05 10:10:57]: [WARN] No MaxMind credentials found in the configuration file! GeoIp protections will be disabled.
[06-05 10:10:57]: [INFO] There is no newer GEO IP database uploaded to MaxMind. Using the old one for now.
[06-05 10:10:57]: [WARN] Could not download GeoLiteAPI database [FileNotFoundException]: plugins\AuthMe\GeoLite2-Country.mmdb (The system cannot find the file specified)
[06-05 10:10:57]: java.io.FileNotFoundException: plugins\AuthMe\GeoLite2-Country.mmdb (The system cannot find the file specified)
	at java.base/java.io.RandomAccessFile.open0(Native Method)
	at java.base/java.io.RandomAccessFile.open(RandomAccessFile.java:338)
	at java.base/java.io.RandomAccessFile.<init>(RandomAccessFile.java:257)
	at java.base/java.io.RandomAccessFile.<init>(RandomAccessFile.java:211)
	at com.maxmind.db.BufferHolder.<init>(BufferHolder.java:19)
	at com.maxmind.db.Reader.<init>(Reader.java:119)
	at com.maxmind.geoip2.DatabaseReader.<init>(DatabaseReader.java:106)
	at com.maxmind.geoip2.DatabaseReader$Builder.build(DatabaseReader.java:238)
	at AuthMe-6.0.0-R1-Paper.jar//fr.xephi.authme.service.GeoIpService.startReading(GeoIpService.java:183)
	at AuthMe-6.0.0-R1-Paper.jar//fr.xephi.authme.service.GeoIpService.updateDatabase(GeoIpService.java:150)
	at org.bukkit.craftbukkit.scheduler.CraftTask.run(CraftTask.java:78)
	at org.bukkit.craftbukkit.scheduler.CraftAsyncTask.run(CraftAsyncTask.java:57)
	at com.destroystokyo.paper.ServerSchedulerReportingWrapper.run(ServerSchedulerReportingWrapper.java:22)
	at java.base/java.util.concurrent.ThreadPoolExecutor.runWorker(ThreadPoolExecutor.java:1090)
	at java.base/java.util.concurrent.ThreadPoolExecutor$Worker.run(ThreadPoolExecutor.java:614)
	at java.base/java.lang.Thread.run(Thread.java:1474)

[06-05 10:16:26]: [INFO] SQLite Setup finished
[06-05 10:16:26]: [INFO] Hooked into LuckPerms!
[06-05 10:16:26]: [INFO] Hooked successfully into Essentials
[06-05 10:16:26]: [INFO] AuthMe 6.0.0-R1 build n.2698 successfully enabled!
[06-05 10:16:35]: [INFO] Downloading GEO IP database, because the old database is older than 30 days or doesn't exist
[06-05 10:16:35]: [WARN] No MaxMind credentials found in the configuration file! GeoIp protections will be disabled.
[06-05 10:16:35]: [INFO] There is no newer GEO IP database uploaded to MaxMind. Using the old one for now.
[06-05 10:16:35]: [WARN] Could not download GeoLiteAPI database [FileNotFoundException]: plugins\AuthMe\GeoLite2-Country.mmdb (The system cannot find the file specified)
[06-05 10:16:35]: java.io.FileNotFoundException: plugins\AuthMe\GeoLite2-Country.mmdb (The system cannot find the file specified)
	at java.base/java.io.RandomAccessFile.open0(Native Method)
	at java.base/java.io.RandomAccessFile.open(RandomAccessFile.java:338)
	at java.base/java.io.RandomAccessFile.<init>(RandomAccessFile.java:257)
	at java.base/java.io.RandomAccessFile.<init>(RandomAccessFile.java:211)
	at com.maxmind.db.BufferHolder.<init>(BufferHolder.java:19)
	at com.maxmind.db.Reader.<init>(Reader.java:119)
	at com.maxmind.geoip2.DatabaseReader.<init>(DatabaseReader.java:106)
	at com.maxmind.geoip2.DatabaseReader$Builder.build(DatabaseReader.java:238)
	at AuthMe-6.0.0-R1-Paper.jar//fr.xephi.authme.service.GeoIpService.startReading(GeoIpService.java:183)
	at AuthMe-6.0.0-R1-Paper.jar//fr.xephi.authme.service.GeoIpService.updateDatabase(GeoIpService.java:150)
	at org.bukkit.craftbukkit.scheduler.CraftTask.run(CraftTask.java:78)
	at org.bukkit.craftbukkit.scheduler.CraftAsyncTask.run(CraftAsyncTask.java:57)
	at com.destroystokyo.paper.ServerSchedulerReportingWrapper.run(ServerSchedulerReportingWrapper.java:22)
	at java.base/java.util.concurrent.ThreadPoolExecutor.runWorker(ThreadPoolExecutor.java:1090)
	at java.base/java.util.concurrent.ThreadPoolExecutor$Worker.run(ThreadPoolExecutor.java:614)
	at java.base/java.lang.Thread.run(Thread.java:1474)

[06-05 10:17:27]: [FINE] dangkh0a registered 127.0.0.1
[06-05 10:17:27]: [FINE] dangkh0a logged in 127.0.0.1
[06-05 10:32:49]: [INFO] SQLite Setup finished
[06-05 10:32:49]: [INFO] Hooked into LuckPerms!
[06-05 10:32:49]: [INFO] Hooked successfully into Essentials
[06-05 10:32:49]: [INFO] AuthMe 6.0.0-R1 build n.2698 successfully enabled!
[06-05 10:32:58]: [INFO] Downloading GEO IP database, because the old database is older than 30 days or doesn't exist
[06-05 10:32:58]: [WARN] No MaxMind credentials found in the configuration file! GeoIp protections will be disabled.
[06-05 10:32:58]: [INFO] There is no newer GEO IP database uploaded to MaxMind. Using the old one for now.
[06-05 10:32:58]: [WARN] Could not download GeoLiteAPI database [FileNotFoundException]: plugins\AuthMe\GeoLite2-Country.mmdb (The system cannot find the file specified)
[06-05 10:32:58]: java.io.FileNotFoundException: plugins\AuthMe\GeoLite2-Country.mmdb (The system cannot find the file specified)
	at java.base/java.io.RandomAccessFile.open0(Native Method)
	at java.base/java.io.RandomAccessFile.open(RandomAccessFile.java:338)
	at java.base/java.io.RandomAccessFile.<init>(RandomAccessFile.java:257)
	at java.base/java.io.RandomAccessFile.<init>(RandomAccessFile.java:211)
	at com.maxmind.db.BufferHolder.<init>(BufferHolder.java:19)
	at com.maxmind.db.Reader.<init>(Reader.java:119)
	at com.maxmind.geoip2.DatabaseReader.<init>(DatabaseReader.java:106)
	at com.maxmind.geoip2.DatabaseReader$Builder.build(DatabaseReader.java:238)
	at AuthMe-6.0.0-R1-Paper.jar//fr.xephi.authme.service.GeoIpService.startReading(GeoIpService.java:183)
	at AuthMe-6.0.0-R1-Paper.jar//fr.xephi.authme.service.GeoIpService.updateDatabase(GeoIpService.java:150)
	at org.bukkit.craftbukkit.scheduler.CraftTask.run(CraftTask.java:78)
	at org.bukkit.craftbukkit.scheduler.CraftAsyncTask.run(CraftAsyncTask.java:57)
	at com.destroystokyo.paper.ServerSchedulerReportingWrapper.run(ServerSchedulerReportingWrapper.java:22)
	at java.base/java.util.concurrent.ThreadPoolExecutor.runWorker(ThreadPoolExecutor.java:1090)
	at java.base/java.util.concurrent.ThreadPoolExecutor$Worker.run(ThreadPoolExecutor.java:614)
	at java.base/java.lang.Thread.run(Thread.java:1474)

[06-05 10:33:12]: [FINE] dangkh0a logged in 127.0.0.1
