[03/05/2026 22:17:33] DaoMinhKhoi_ won  (ID: iron_ingot, Weight: 10.0) from Rương thường (ID: free)
[03/05/2026 22:17:35] DaoMinhKhoi_ won  (ID: iron_sword, Weight: 10.0) from Rương thường (ID: free)
[03/05/2026 22:17:35] DaoMinhKhoi_ won  (ID: diamond, Weight: 10.0) from Rương thường (ID: free)
[03/05/2026 22:17:35] DaoMinhKhoi_ won  (ID: iron_boots, Weight: 10.0) from Rương thường (ID: free)
[03/05/2026 22:17:35] DaoMinhKhoi_ won  (ID: iron_helmet, Weight: 10.0) from Rương thường (ID: free)
[03/05/2026 22:17:36] DaoMinhKhoi_ won  (ID: diamond, Weight: 10.0) from Rương thường (ID: free)
[03/05/2026 22:20:14] DaoMinhKhoi_ won  (ID: iron_chestplate, Weight: 10.0) from Rương thường (ID: free)
[03/05/2026 22:20:15] DaoMinhKhoi_ won  (ID: iron_sword, Weight: 10.0) from Rương thường (ID: free)
[03/05/2026 22:20:16] DaoMinhKhoi_ won  (ID: iron_helmet, Weight: 10.0) from Rương thường (ID: free)
[03/05/2026 22:20:16] DaoMinhKhoi_ won  (ID: iron_helmet, Weight: 10.0) from Rương thường (ID: free)
[03/05/2026 22:20:17] DaoMinhKhoi_ won  (ID: iron_chestplate, Weight: 10.0) from Rương thường (ID: free)
[03/05/2026 22:20:17] DaoMinhKhoi_ won  (ID: iron_ingot, Weight: 10.0) from Rương thường (ID: free)
[03/05/2026 22:20:17] DaoMinhKhoi_ won  (ID: iron_leggings, Weight: 10.0) from Rương thường (ID: free)
[03/05/2026 22:20:18] DaoMinhKhoi_ won  (ID: iron_leggings, Weight: 10.0) from Rương thường (ID: free)
[03/05/2026 22:20:18] DaoMinhKhoi_ won  (ID: diamond, Weight: 10.0) from Rương thường (ID: free)
[03/05/2026 22:20:18] DaoMinhKhoi_ won  (ID: iron_leggings, Weight: 10.0) from Rương thường (ID: free)
[06/05/2026 01:55:10] Vinhhhhh won  (ID: iron_helmet, Weight: 10.0) from Rương thường (ID: free)
[06/05/2026 01:55:30] Vinhhhhh won  (ID: iron_helmet, Weight: 10.0) from Rương thường (ID: free)
[06/05/2026 01:55:46] Vinhhhhh won  (ID: iron_helmet, Weight: 10.0) from Rương thường (ID: free)
[06/05/2026 01:56:00] Vinhhhhh won  (ID: iron_leggings, Weight: 10.0) from Rương thường (ID: free)
